[    0.000000] Linux version 4.15.0-213-generic (buildd@lcy02-amd64-079) (gcc version 7.5.0 (Ubuntu 7.5.0-3ubuntu1~18.04)) #224-Ubuntu SMP Mon Jun 19 13:30:12 UTC 2023 (Ubuntu 4.15.0-213.224-generic 4.15.18)
[    0.000000] Command line: BOOT_IMAGE=/boot/vmlinuz-4.15.0-213-generic root=UUID=f685bb41-0e3b-40c4-89c1-eea0f0583525 ro console=tty1 console=ttyS0
[    0.000000] KERNEL supported cpus:
[    0.000000]   Intel GenuineIntel
[    0.000000]   AMD AuthenticAMD
[    0.000000]   Centaur CentaurHauls
[    0.000000] x86/fpu: Supporting XSAVE feature 0x001: 'x87 floating point registers'
[    0.000000] x86/fpu: Supporting XSAVE feature 0x002: 'SSE registers'
[    0.000000] x86/fpu: Supporting XSAVE feature 0x004: 'AVX registers'
[    0.000000] x86/fpu: xstate_offset[2]:  576, xstate_sizes[2]:  256
[    0.000000] x86/fpu: Enabled xstate features 0x7, context size is 832 bytes, using 'standard' format.
[    0.000000] e820: BIOS-provided physical RAM map:
[    0.000000] BIOS-e820: [mem 0x0000000000000000-0x000000000009fbff] usable
[    0.000000] BIOS-e820: [mem 0x000000000009fc00-0x000000000009ffff] reserved
[    0.000000] BIOS-e820: [mem 0x00000000000f0000-0x00000000000fffff] reserved
[    0.000000] BIOS-e820: [mem 0x0000000000100000-0x000000007cfeffff] usable
[    0.000000] BIOS-e820: [mem 0x000000007cff0000-0x000000007cffffff] ACPI data
[    0.000000] BIOS-e820: [mem 0x00000000fec00000-0x00000000fec00fff] reserved
[    0.000000] BIOS-e820: [mem 0x00000000fee00000-0x00000000fee00fff] reserved
[    0.000000] BIOS-e820: [mem 0x00000000fffc0000-0x00000000ffffffff] reserved
[    0.000000] NX (Execute Disable) protection: active
[    0.000000] SMBIOS 2.5 present.
[    0.000000] DMI: innotek GmbH VirtualBox/VirtualBox, BIOS VirtualBox 12/01/2006
[    0.000000] Hypervisor detected: KVM
[    0.000000] e820: last_pfn = 0x7cff0 max_arch_pfn = 0x400000000
[    0.000000] MTRR: Disabled
[    0.000000] x86/PAT: MTRRs disabled, skipping PAT initialization too.
[    0.000000] CPU MTRRs all blank - virtualized system.
[    0.000000] x86/PAT: Configuration [0-7]: WB  WT  UC- UC  WB  WT  UC- UC  
[    0.000000] found SMP MP-table at [mem 0x0009fff0-0x0009ffff]
[    0.000000] Scanning 1 areas for low memory corruption
[    0.000000] RAMDISK: [mem 0x35819000-0x36c03fff]
[    0.000000] ACPI: Early table checksum verification disabled
[    0.000000] ACPI: RSDP 0x00000000000E0000 000024 (v02 VBOX  )
[    0.000000] ACPI: XSDT 0x000000007CFF0030 00003C (v01 VBOX   VBOXXSDT 00000001 ASL  00000061)
[    0.000000] ACPI: FACP 0x000000007CFF00F0 0000F4 (v04 VBOX   VBOXFACP 00000001 ASL  00000061)
[    0.000000] ACPI: DSDT 0x000000007CFF0610 002353 (v02 VBOX   VBOXBIOS 00000002 INTL 20200925)
[    0.000000] ACPI: FACS 0x000000007CFF0200 000040
[    0.000000] ACPI: FACS 0x000000007CFF0200 000040
[    0.000000] ACPI: APIC 0x000000007CFF0240 00005C (v02 VBOX   VBOXAPIC 00000001 ASL  00000061)
[    0.000000] ACPI: SSDT 0x000000007CFF02A0 00036C (v01 VBOX   VBOXCPUT 00000002 INTL 20200925)
[    0.000000] ACPI: Reserving FACP table memory at [mem 0x7cff00f0-0x7cff01e3]
[    0.000000] ACPI: Reserving DSDT table memory at [mem 0x7cff0610-0x7cff2962]
[    0.000000] ACPI: Reserving FACS table memory at [mem 0x7cff0200-0x7cff023f]
[    0.000000] ACPI: Reserving FACS table memory at [mem 0x7cff0200-0x7cff023f]
[    0.000000] ACPI: Reserving APIC table memory at [mem 0x7cff0240-0x7cff029b]
[    0.000000] ACPI: Reserving SSDT table memory at [mem 0x7cff02a0-0x7cff060b]
[    0.000000] No NUMA configuration found
[    0.000000] Faking a node at [mem 0x0000000000000000-0x000000007cfeffff]
[    0.000000] NODE_DATA(0) allocated [mem 0x7cfc5000-0x7cfeffff]
[    0.000000] kvm-clock: cpu 0, msr 0:7cf44001, primary cpu clock
[    0.000000] kvm-clock: Using msrs 4b564d01 and 4b564d00
[    0.000000] kvm-clock: using sched offset of 6302784438 cycles
[    0.000000] clocksource: kvm-clock: mask: 0xffffffffffffffff max_cycles: 0x1cd42e4dffb, max_idle_ns: 881590591483 ns
[    0.000000] Zone ranges:
[    0.000000]   DMA      [mem 0x0000000000001000-0x0000000000ffffff]
[    0.000000]   DMA32    [mem 0x0000000001000000-0x000000007cfeffff]
[    0.000000]   Normal   empty
[    0.000000]   Device   empty
[    0.000000] Movable zone start for each node
[    0.000000] Early memory node ranges
[    0.000000]   node   0: [mem 0x0000000000001000-0x000000000009efff]
[    0.000000]   node   0: [mem 0x0000000000100000-0x000000007cfeffff]
[    0.000000] Reserved but unavailable: 104 pages
[    0.000000] Initmem setup node 0 [mem 0x0000000000001000-0x000000007cfeffff]
[    0.000000] ACPI: PM-Timer IO Port: 0x4008
[    0.000000] IOAPIC[0]: apic_id 2, version 32, address 0xfec00000, GSI 0-23
[    0.000000] ACPI: INT_SRC_OVR (bus 0 bus_irq 0 global_irq 2 dfl dfl)
[    0.000000] ACPI: INT_SRC_OVR (bus 0 bus_irq 9 global_irq 9 low level)
[    0.000000] Using ACPI (MADT) for SMP configuration information
[    0.000000] smpboot: Allowing 2 CPUs, 0 hotplug CPUs
[    0.000000] PM: Registered nosave memory: [mem 0x00000000-0x00000fff]
[    0.000000] PM: Registered nosave memory: [mem 0x0009f000-0x0009ffff]
[    0.000000] PM: Registered nosave memory: [mem 0x000a0000-0x000effff]
[    0.000000] PM: Registered nosave memory: [mem 0x000f0000-0x000fffff]
[    0.000000] e820: [mem 0x7d000000-0xfebfffff] available for PCI devices
[    0.000000] Booting paravirtualized kernel on KVM
[    0.000000] clocksource: refined-jiffies: mask: 0xffffffff max_cycles: 0xffffffff, max_idle_ns: 7645519600211568 ns
[    0.000000] setup_percpu: NR_CPUS:8192 nr_cpumask_bits:2 nr_cpu_ids:2 nr_node_ids:1
[    0.000000] percpu: Embedded 50 pages/cpu s167936 r8192 d28672 u1048576
[    0.000000] PV qspinlock hash table entries: 256 (order: 0, 4096 bytes)
[    0.000000] Built 1 zonelists, mobility grouping on.  Total pages: 503865
[    0.000000] Policy zone: DMA32
[    0.000000] Kernel command line: BOOT_IMAGE=/boot/vmlinuz-4.15.0-213-generic root=UUID=f685bb41-0e3b-40c4-89c1-eea0f0583525 ro console=tty1 console=ttyS0
[    0.000000] Memory: 1964816K/2047544K available (12300K kernel code, 2477K rwdata, 4324K rodata, 2480K init, 2720K bss, 82728K reserved, 0K cma-reserved)
[    0.000000] SLUB: HWalign=64, Order=0-3, MinObjects=0, CPUs=2, Nodes=1
[    0.000000] Kernel/User page tables isolation: enabled
[    0.000000] ftrace: allocating 39508 entries in 155 pages
[    0.004000] Hierarchical RCU implementation.
[    0.004000] 	RCU restricting CPUs from NR_CPUS=8192 to nr_cpu_ids=2.
[    0.004000] 	Tasks RCU enabled.
[    0.004000] RCU: Adjusting geometry for rcu_fanout_leaf=16, nr_cpu_ids=2
[    0.004000] NR_IRQS: 524544, nr_irqs: 440, preallocated irqs: 16
[    0.004000] random: crng init done
[    0.004000] Console: colour VGA+ 80x25
[    0.004000] console [tty1] enabled
[    0.004000] console [ttyS0] enabled
[    0.004000] ACPI: Core revision 20170831
[    0.004000] ACPI: 2 ACPI AML tables successfully acquired and loaded
[    0.004000] APIC: Switch to symmetric I/O mode setup
[    0.006311] x2apic enabled
[    0.012043] Switched APIC routing to physical x2apic.
[    0.020000] ..TIMER: vector=0x30 apic1=0 pin1=2 apic2=-1 pin2=-1
[    0.020006] tsc: Detected 2999.998 MHz processor
[    0.024013] Calibrating delay loop (skipped) preset value.. 5999.99 BogoMIPS (lpj=11999992)
[    0.028004] pid_max: default: 32768 minimum: 301
[    0.032096] Security Framework initialized
[    0.036004] Yama: becoming mindful.
[    0.040040] AppArmor: AppArmor initialized
[    0.048249] Dentry cache hash table entries: 262144 (order: 9, 2097152 bytes)
[    0.052684] Inode-cache hash table entries: 131072 (order: 8, 1048576 bytes)
[    0.056058] Mount-cache hash table entries: 4096 (order: 3, 32768 bytes)
[    0.060022] Mountpoint-cache hash table entries: 4096 (order: 3, 32768 bytes)
[    0.070268] Last level iTLB entries: 4KB 512, 2MB 8, 4MB 8
[    0.072009] Last level dTLB entries: 4KB 512, 2MB 0, 4MB 0, 1GB 4
[    0.076042] Spectre V1 : Mitigation: usercopy/swapgs barriers and __user pointer sanitization
[    0.084006] Spectre V2 : Mitigation: Retpolines
[    0.088003] Spectre V2 : Spectre v2 / SpectreRSB mitigation: Filling RSB on context switch
[    0.092005] Spectre V2 : Spectre v2 / SpectreRSB : Filling RSB on VMEXIT
[    0.096007] Speculative Store Bypass: Vulnerable
[    0.100076] MDS: Mitigation: Clear CPU buffers
[    0.104003] MMIO Stale Data: Unknown: No mitigations
[    0.108817] Freeing SMP alternatives memory: 36K
[    0.226901] smpboot: CPU0: Intel(R) Xeon(R) CPU E5-2690 v2 @ 3.00GHz (family: 0x6, model: 0x3e, stepping: 0x4)
[    0.228225] Performance Events: unsupported p6 CPU model 62 no PMU driver, software events only.
[    0.232339] Hierarchical SRCU implementation.
[    0.240912] NMI watchdog: Perf event create on CPU 0 failed with -2
[    0.244004] NMI watchdog: Perf NMI watchdog permanently disabled
[    0.248193] smp: Bringing up secondary CPUs ...
[    0.252279] x86: Booting SMP configuration:
[    0.256004] .... node  #0, CPUs:      #1
[    0.004000] kvm-clock: cpu 1, msr 0:7cf44041, secondary cpu clock
[    0.298107] smp: Brought up 1 node, 2 CPUs
[    0.300007] smpboot: Max logical packages: 1
[    0.304006] smpboot: Total of 2 processors activated (11999.99 BogoMIPS)
[    0.312292] devtmpfs: initialized
[    0.316185] x86/mm: Memory block size: 128MB
[    0.320931] evm: security.selinux
[    0.324003] evm: security.SMACK64
[    0.328003] evm: security.SMACK64EXEC
[    0.332003] evm: security.SMACK64TRANSMUTE
[    0.336003] evm: security.SMACK64MMAP
[    0.340039] evm: security.apparmor
[    0.344008] evm: security.ima
[    0.348007] evm: security.capability
[    0.352654] clocksource: jiffies: mask: 0xffffffff max_cycles: 0xffffffff, max_idle_ns: 7645041785100000 ns
[    0.356059] futex hash table entries: 512 (order: 3, 32768 bytes)
[    0.360124] pinctrl core: initialized pinctrl subsystem
[    0.364856] RTC time: 14:46:01, date: 02/20/24
[    0.373272] NET: Registered protocol family 16
[    0.376372] audit: initializing netlink subsys (disabled)
[    0.380122] audit: type=2000 audit(1708440367.244:1): state=initialized audit_enabled=0 res=1
[    0.400030] cpuidle: using governor ladder
[    0.404020] cpuidle: using governor menu
[    0.408196] ACPI: bus type PCI registered
[    0.412005] acpiphp: ACPI Hot Plug PCI Controller Driver version: 0.5
[    0.416888] PCI: Using configuration type 1 for base access
[    0.428184] HugeTLB registered 2.00 MiB page size, pre-allocated 0 pages
[    0.432265] ACPI: Added _OSI(Module Device)
[    0.436012] ACPI: Added _OSI(Processor Device)
[    0.440009] ACPI: Added _OSI(3.0 _SCP Extensions)
[    0.444007] ACPI: Added _OSI(Processor Aggregator Device)
[    0.448075] ACPI: Added _OSI(Linux-Dell-Video)
[    0.452012] ACPI: Added _OSI(Linux-Lenovo-NV-HDMI-Audio)
[    0.456011] ACPI: Added _OSI(Linux-HPI-Hybrid-Graphics)
[    0.464317] ACPI: Executed 1 blocks of module-level executable AML code
[    0.495735] ACPI: Interpreter enabled
[    0.496074] ACPI: (supports S0 S5)
[    0.500007] ACPI: Using IOAPIC for interrupt routing
[    0.508128] PCI: Using host bridge windows from ACPI; if necessary, use "pci=nocrs" and report a bug
[    0.513446] ACPI: Enabled 2 GPEs in block 00 to 07
[    0.559919] ACPI: PCI Root Bridge [PCI0] (domain 0000 [bus 00-ff])
[    0.560014] acpi PNP0A03:00: _OSC: OS supports [ASPM ClockPM Segments MSI]
[    0.568582] acpi PNP0A03:00: _OSC: not requesting OS control; OS requires [ExtendedConfig ASPM ClockPM MSI]
[    0.572061] acpi PNP0A03:00: fail to add MMCONFIG information, can't access extended PCI configuration space under this bridge.
[    0.581560] PCI host bridge to bus 0000:00
[    0.584014] pci_bus 0000:00: root bus resource [io  0x0000-0x0cf7 window]
[    0.588016] pci_bus 0000:00: root bus resource [io  0x0d00-0xffff window]
[    0.592017] pci_bus 0000:00: root bus resource [mem 0x000a0000-0x000bffff window]
[    0.596014] pci_bus 0000:00: root bus resource [mem 0x7d000000-0xfdffffff window]
[    0.600009] pci_bus 0000:00: root bus resource [bus 00-ff]
[    0.632000] pci 0000:00:01.1: legacy IDE quirk: reg 0x10: [io  0x01f0-0x01f7]
[    0.632029] pci 0000:00:01.1: legacy IDE quirk: reg 0x14: [io  0x03f6]
[    0.636005] pci 0000:00:01.1: legacy IDE quirk: reg 0x18: [io  0x0170-0x0177]
[    0.640005] pci 0000:00:01.1: legacy IDE quirk: reg 0x1c: [io  0x0376]
[    0.730891] pci 0000:00:07.0: quirk: [io  0x4000-0x403f] claimed by PIIX4 ACPI
[    0.732148] pci 0000:00:07.0: quirk: [io  0x4100-0x410f] claimed by PIIX4 SMB
[    0.805250] ACPI: PCI Interrupt Link [LNKA] (IRQs 5 9 10 *11)
[    0.812085] ACPI: PCI Interrupt Link [LNKB] (IRQs 5 9 *10 11)
[    0.816925] ACPI: PCI Interrupt Link [LNKC] (IRQs 5 *9 10 11)
[    0.820905] ACPI: PCI Interrupt Link [LNKD] (IRQs 5 9 10 *11)
[    0.825278] SCSI subsystem initialized
[    0.828156] pci 0000:00:02.0: vgaarb: setting as boot VGA device
[    0.832000] pci 0000:00:02.0: vgaarb: VGA device added: decodes=io+mem,owns=io+mem,locks=none
[    0.832035] pci 0000:00:02.0: vgaarb: bridge control possible
[    0.836009] vgaarb: loaded
[    0.840091] ACPI: bus type USB registered
[    0.844076] usbcore: registered new interface driver usbfs
[    0.848035] usbcore: registered new interface driver hub
[    0.852032] usbcore: registered new device driver usb
[    0.856244] EDAC MC: Ver: 3.0.0
[    0.864779] PCI: Using ACPI for IRQ routing
[    0.872233] NetLabel: Initializing
[    0.876010] NetLabel:  domain hash size = 128
[    0.880008] NetLabel:  protocols = UNLABELED CIPSOv4 CALIPSO
[    0.884070] NetLabel:  unlabeled traffic allowed by default
[    0.888467] clocksource: Switched to clocksource kvm-clock
[    0.905708] VFS: Disk quotas dquot_6.6.0
[    0.905708] VFS: Dquot-cache hash table entries: 512 (order 0, 4096 bytes)
[    0.905708] AppArmor: AppArmor Filesystem Enabled
[    0.905708] pnp: PnP ACPI init
[    0.905708] pnp: PnP ACPI: found 3 devices
[    1.077435] clocksource: acpi_pm: mask: 0xffffff max_cycles: 0xffffff, max_idle_ns: 2085701024 ns
[    1.081315] NET: Registered protocol family 2
[    1.081315] IP idents hash table entries: 32768 (order: 6, 262144 bytes)
[    1.128447] TCP established hash table entries: 16384 (order: 5, 131072 bytes)
[    1.147917] TCP bind hash table entries: 16384 (order: 6, 262144 bytes)
[    1.164636] TCP: Hash tables configured (established 16384 bind 16384)
[    1.168065] UDP hash table entries: 1024 (order: 3, 32768 bytes)
[    1.168065] UDP-Lite hash table entries: 1024 (order: 3, 32768 bytes)
[    1.168065] NET: Registered protocol family 1
[    1.221966] pci 0000:00:00.0: Limiting direct PCI/PCI transfers
[    1.225883] pci 0000:00:01.0: Activating ISA DMA hang workarounds
[    1.225883] pci 0000:00:02.0: Video device with shadowed ROM at [mem 0x000c0000-0x000dffff]
[    1.277024] Unpacking initramfs...
[    2.179421] Freeing initrd memory: 20396K
[    2.189690] clocksource: tsc: mask: 0xffffffffffffffff max_cycles: 0x2b3e43c8763, max_idle_ns: 440795360101 ns
[    2.212710] platform rtc_cmos: registered platform RTC device (no PNP device found)
[    2.231336] Scanning for low memory corruption every 60 seconds
[    2.249747] Initialise system trusted keyrings
[    2.262806] Key type blacklist registered
[    2.280686] workingset: timestamp_bits=36 max_order=19 bucket_order=0
[    2.301503] zbud: loaded
[    2.310278] squashfs: version 4.0 (2009/01/31) Phillip Lougher
[    2.327310] fuse init (API version 7.26)
[    2.355660] Key type asymmetric registered
[    2.366269] Asymmetric key parser 'x509' registered
[    2.377788] Block layer SCSI generic (bsg) driver version 0.4 loaded (major 246)
[    2.394850] io scheduler noop registered
[    2.404676] io scheduler deadline registered
[    2.416005] io scheduler cfq registered (default)
[    2.429250] ACPI: AC Adapter [AC] (on-line)
[    2.439569] input: Power Button as /devices/LNXSYSTM:00/LNXPWRBN:00/input/input0
[    2.459888] ACPI: Power Button [PWRF]
[    2.469684] input: Sleep Button as /devices/LNXSYSTM:00/LNXSLPBN:00/input/input1
[    2.486444] ACPI: Sleep Button [SLPF]
[    2.497752] Serial: 8250/16550 driver, 32 ports, IRQ sharing enabled
[    2.546342] 00:02: ttyS0 at I/O 0x3f8 (irq = 4, base_baud = 115200) is a 16550A
[    2.583123] Linux agpgart interface v0.103
[    2.602431] loop: module loaded
[    2.614669] scsi host0: ata_piix
[    2.623762] scsi host1: ata_piix
[    2.627607] ata1: PATA max UDMA/33 cmd 0x1f0 ctl 0x3f6 bmdma 0xd000 irq 14
[    2.627607] ata2: PATA max UDMA/33 cmd 0x170 ctl 0x376 bmdma 0xd008 irq 15
[    2.664989] tun: Universal TUN/TAP device driver, 1.6
[    2.680473] PPP generic driver version 2.4.2
[    2.691657] ehci_hcd: USB 2.0 'Enhanced' Host Controller (EHCI) Driver
[    2.706803] ehci-pci: EHCI PCI platform driver
[    2.717968] ehci-platform: EHCI generic platform driver
[    2.731314] ohci_hcd: USB 1.1 'Open' Host Controller (OHCI) Driver
[    2.745958] ohci-pci: OHCI PCI platform driver
[    2.756645] ohci-platform: OHCI generic platform driver
[    2.768925] uhci_hcd: USB Universal Host Controller Interface driver
[    2.784750] i8042: PNP: PS/2 Controller [PNP0303:PS2K,PNP0f03:PS2M] at 0x60,0x64 irq 1,12
[    2.809433] serio: i8042 KBD port at 0x60,0x64 irq 1
[    2.821464] serio: i8042 AUX port at 0x60,0x64 irq 12
[    2.888285] mousedev: PS/2 mouse device common for all mice
[    2.904455] input: AT Translated Set 2 keyboard as /devices/platform/i8042/serio0/input/input2
[    2.929174] rtc_cmos rtc_cmos: rtc core: registered rtc_cmos as rtc0
[    2.948340] rtc_cmos rtc_cmos: alarms up to one day, 114 bytes nvram
[    2.966723] i2c /dev entries driver
[    2.975977] device-mapper: uevent: version 1.0.3
[    3.010738] device-mapper: ioctl: 4.37.0-ioctl (2017-09-20) initialised: dm-devel@redhat.com
[    3.035843] ledtrig-cpu: registered to indicate activity on CPUs
[    3.065887] NET: Registered protocol family 10
[    3.120606] Segment Routing with IPv6
[    3.130310] NET: Registered protocol family 17
[    3.142940] Key type dns_resolver registered
[    3.165159] mce: Using 0 MCE banks
[    3.174864] RAS: Correctable Errors collector initialized.
[    3.199004] sched_clock: Marking stable (3198880294, 0)->(6195801067, -2996920773)
[    3.235653] registered taskstats version 1
[    3.249609] Loading compiled-in X.509 certificates
[    3.285673] Loaded X.509 cert 'Build time autogenerated kernel key: cdc7189136aaa35407544516090e2034d9c28e14'
[    3.319814] Loaded X.509 cert 'Canonical Ltd. Live Patch Signing: 14df34d1a87cf37625abec039ef2bf521249b969'
[    3.348940] Loaded X.509 cert 'Canonical Ltd. Kernel Module Signing: 88f752e560a1e0737e31163a466ad7b70a850c19'
[    3.373329] blacklist: Loading compiled-in revocation X.509 certificates
[    3.391217] Loaded X.509 cert 'Canonical Ltd. Secure Boot Signing: 61482aa2830d0ab2ad5af10b7250da9033ddcef0'
[    3.418982] Loaded X.509 cert 'Canonical Ltd. Secure Boot Signing (2017): 242ade75ac4a15e50d50c84b0d45ff3eae707a03'
[    3.450692] Loaded X.509 cert 'Canonical Ltd. Secure Boot Signing (ESM 2018): 365188c1d374d6b07c3c8f240f8ef722433d6a8b'
[    3.486446] Loaded X.509 cert 'Canonical Ltd. Secure Boot Signing (2019): c0746fd6c5da3ae827864651ad66ae47fe24b3e8'
[    3.513245] Loaded X.509 cert 'Canonical Ltd. Secure Boot Signing (2021 v1): a8d54bbb3825cfb94fa13c9f8a594a195c107b8d'
[    3.548937] Loaded X.509 cert 'Canonical Ltd. Secure Boot Signing (2021 v2): 4cf046892d6fd3c9a5b03f98d845f90851dc6a8c'
[    3.573960] Loaded X.509 cert 'Canonical Ltd. Secure Boot Signing (2021 v3): 100437bb6de6e469b581e61cd66bce3ef4ed53af'
[    3.605776] Loaded X.509 cert 'Canonical Ltd. Secure Boot Signing (Ubuntu Core 2019): c1d57b8f6b743f23ee41f4f7ee292f06eecadfb9'
[    3.633162] zswap: loaded using pool lzo/zbud
[    3.665419] Key type big_key registered
[    3.676560] Key type trusted registered
[    3.695268] Key type encrypted registered
[    3.706500] AppArmor: AppArmor sha1 policy hashing enabled
[    3.721991] ima: No TPM chip found, activating TPM-bypass! (rc=-19)
[    3.745489] ima: Allocated hash algorithm: sha1
[    3.757307] evm: HMAC attrs: 0x1
[    3.769289]   Magic number: 12:199:789
[    3.780439] rtc_cmos rtc_cmos: setting system clock to 2024-02-20 14:46:05 UTC (1708440365)
[    3.801645] BIOS EDD facility v0.16 2004-Jun-25, 0 devices found
[    3.817096] EDD information not available.
[    3.846150] Freeing unused kernel image memory: 2480K
[    3.872610] Write protecting the kernel read-only data: 20480k
[    3.890625] Freeing unused kernel image memory: 2008K
[    3.905408] Freeing unused kernel image memory: 1820K
[    3.966066] x86/mm: Checked W+X mappings: passed, no W+X pages found.
[    3.981926] x86/mm: Checking user space page tables
[    4.041065] x86/mm: Checked W+X mappings: passed, no W+X pages found.
Loading, please wait...
starting version 237
[    4.379099] Fusion MPT base driver 3.04.20
[    4.390445] Copyright (c) 1999-2008 LSI Corporation
[    4.405207] e1000: Intel(R) PRO/1000 Network Driver - version 7.3.21-k8-NAPI
[    4.424264] e1000: Copyright (c) 1999-2006 Intel Corporation.
[    4.509510] Fusion MPT SPI Host driver 3.04.20
[    4.537716] AVX version of gcm_enc/dec engaged.
[    4.552953] AES CTR mode by8 optimization enabled
[    4.740644] input: ImExPS/2 Generic Explorer Mouse as /devices/platform/i8042/serio1/input/input4
[    5.931933] e1000 0000:00:03.0 eth0: (PCI:33MHz:32-bit) 02:3b:7b:b7:3b:2d
[    5.950594] e1000 0000:00:03.0 eth0: Intel(R) PRO/1000 Network Connection
[    7.290000] e1000 0000:00:08.0 eth1: (PCI:33MHz:32-bit) 08:00:27:9e:b9:c3
[    7.311427] e1000 0000:00:08.0 eth1: Intel(R) PRO/1000 Network Connection
[    7.346705] e1000 0000:00:08.0 enp0s8: renamed from eth1
[    7.361722] mptbase: ioc0: Initiating bringup
[    7.393089] e1000 0000:00:03.0 enp0s3: renamed from eth0
[    7.507267] ioc0: LSI53C1030 A0: Capabilities={Initiator}
[    7.792519] scsi host2: ioc0: LSI53C1030 A0, FwRev=00000000h, Ports=1, MaxQ=256, IRQ=20
[    7.981504] scsi 2:0:0:0: Direct-Access     VBOX     HARDDISK         1.0  PQ: 0 ANSI: 5
[    8.036685] scsi target2:0:0: Beginning Domain Validation
[    8.069619] scsi target2:0:0: Domain Validation skipping write tests
[    8.088623] scsi target2:0:0: Ending Domain Validation
[    8.105583] scsi target2:0:0: asynchronous
[    8.120060] scsi 2:0:1:0: Direct-Access     VBOX     HARDDISK         1.0  PQ: 0 ANSI: 5
[    8.176190] scsi target2:0:1: Beginning Domain Validation
[    8.208173] scsi target2:0:1: Domain Validation skipping write tests
[    8.227128] scsi target2:0:1: Ending Domain Validation
[    8.242053] scsi target2:0:1: asynchronous
[    8.266654] scsi 2:0:2:0: Direct-Access     VBOX     HARDDISK         1.0  PQ: 0 ANSI: 5
[    8.316149] scsi target2:0:2: Beginning Domain Validation
[    8.350385] scsi target2:0:2: Domain Validation skipping write tests
[    8.370493] scsi target2:0:2: Ending Domain Validation
[    8.386700] scsi target2:0:2: asynchronous
[    8.419989] sd 2:0:0:0: Attached scsi generic sg0 type 0
[    8.426383] sd 2:0:0:0: [sda] 83886080 512-byte logical blocks: (42.9 GB/40.0 GiB)
[    8.434366] sd 2:0:1:0: Attached scsi generic sg1 type 0
[    8.462636] sd 2:0:0:0: [sda] Write Protect is off
[    8.484559] sd 2:0:2:0: Attached scsi generic sg2 type 0
[    8.513000] sd 2:0:0:0: [sda] Incomplete mode parameter data
[    8.530025] sd 2:0:0:0: [sda] Assuming drive cache: write through
[    8.550076] sd 2:0:2:0: [sdc] 204800 512-byte logical blocks: (105 MB/100 MiB)
[    8.550217] sd 2:0:1:0: [sdb] 20480 512-byte logical blocks: (10.5 MB/10.0 MiB)
[    8.577099] sd 2:0:2:0: [sdc] Write Protect is off
[    8.615553]  sda: sda1
[    8.615702] sd 2:0:1:0: [sdb] Write Protect is off
[    8.625378] sd 2:0:2:0: [sdc] Incomplete mode parameter data
[    8.658637] sd 2:0:2:0: [sdc] Assuming drive cache: write through
[    8.677386] sd 2:0:1:0: [sdb] Incomplete mode parameter data
[    8.696544] sd 2:0:1:0: [sdb] Assuming drive cache: write through
[    8.709589] sd 2:0:0:0: [sda] Attached SCSI disk
[    8.739351] sd 2:0:2:0: [sdc] Attached SCSI disk
[    8.761175] sd 2:0:1:0: [sdb] Attached SCSI disk
Begin: Loading essential drivers ... [   15.204213] raid6: sse2x1   gen()  1235 MB/s
[   15.276172] raid6: sse2x1   xor()  1179 MB/s
[   15.336348] raid6: sse2x2   gen()  4325 MB/s
[   15.396172] raid6: sse2x2   xor()  1927 MB/s
[   15.456219] raid6: sse2x4   gen()  4106 MB/s
[   15.516166] raid6: sse2x4   xor()  2654 MB/s
[   15.529405] raid6: using algorithm sse2x2 gen() 4325 MB/s
[   15.545702] raid6: .... xor() 1927 MB/s, rmw enabled
[   15.559855] raid6: using ssse3x2 recovery algorithm
[   15.584030] xor: automatically using best checksumming function   avx       
[   15.607374] async_tx: api initialized (async)
done.
Begin: Running /scripts/init-premount ... done.
Begin: Mounting root file system ... Begin: Running /scripts/local-top ... done.
Begin: Running /scripts/local-premount ... [   15.915249] Btrfs loaded, crc32c=crc32c-intel
Scanning for Btrfs filesystems
done.
Begin: Will now check root file system ... fsck from util-linux 2.31.1
[/sbin/fsck.ext4 (1) -- /dev/sda1] fsck.ext4 -a -C0 /dev/sda1 
cloudimg-rootfs: clean, 113889/5120000 files, 778713/10485499 blocks
done.
[   16.174178] EXT4-fs (sda1): mounted filesystem with ordered data mode. Opts: (null)
done.
Begin: Running /scripts/local-bottom ... done.
Begin: Running /scripts/init-bottom ... done.
[   17.019213] ip_tables: (C) 2000-2006 Netfilter Core Team
[   17.090970] systemd[1]: systemd 237 running in system mode. (+PAM +AUDIT +SELINUX +IMA +APPARMOR +SMACK +SYSVINIT +UTMP +LIBCRYPTSETUP +GCRYPT +GNUTLS +ACL +XZ +LZ4 +SECCOMP +BLKID +ELFUTILS +KMOD -IDN2 +IDN -PCRE2 default-hierarchy=hybrid)
[   17.150868] systemd[1]: Detected virtualization oracle.
[   17.167022] systemd[1]: Detected architecture x86-64.

Welcome to [1mUbuntu 18.04.6 LTS[0m!

[   17.239373] systemd[1]: Set hostname to <srv2>.
[   18.082395] systemd[1]: Set up automount Arbitrary Executable File Formats File System Automount Point.
[[0;32m  OK  [0m] Set up automount Arbitrary Executabâ€¦rmats File System Automount Point.
[   18.128971] systemd[1]: Reached target System Time Synchronized.
[[0;32m  OK  [0m] Reached target System Time Synchronized.
[   18.161383] systemd[1]: Reached target Swap.
[[0;32m  OK  [0m] Reached target Swap.
[   18.185994] systemd[1]: Reached target Mounting snaps.
[[0;32m  OK  [0m] Reached target Mounting snaps.
[   18.214721] systemd[1]: Reached target Mounted snaps.
[[0;32m  OK  [0m] Reached target Mounted snaps.
[   18.242300] systemd[1]: Started Forward Password Requests to Wall Directory Watch.
[[0;32m  OK  [0m] Started Forward Password Requests to Wall Directory Watch.
[[0;32m  OK  [0m] Created slice System Slice.
[[0;32m  OK  [0m] Created slice system-serial\x2dgetty.slice.
[[0;32m  OK  [0m] Listening on fsck to fsckd communication Socket.
[[0;32m  OK  [0m] Listening on Device-mapper event daemon FIFOs.
[[0;32m  OK  [0m] Listening on udev Control Socket.
[[0;32m  OK  [0m] Listening on Journal Socket (/dev/log).
[[0;32m  OK  [0m] Listening on Journal Socket.
         Starting Uncomplicated firewall...
         Mounting POSIX Message Queue File System...
         Mounting Huge Pages File System...
[[0;32m  OK  [0m] Listening on /dev/initctl Compatibility Named Pipe.
[[0;32m  OK  [0m] Listening on LVM2 metadata daemon socket.
         Starting Monitoring of LVM2 mirrorsâ€¦ng dmeventd or progress polling...
         Starting Load Kernel Modules...
         Starting Set the console keyboard layout...
[[0;32m  OK  [0m] Listening on LVM2 poll daemon socket.
         Starting Remount Root and Kernel File Systems...
[[0;32m  OK  [0m] Listening on Network Service Netlink Socket.
[[0;32m  OK  [0m] Created slice User and Session Slice.
[[0;32m  OK  [0m] Reached target Slices.
[[0;32m  OK  [0m] Listening on udev Kernel Socket.
         Starting udev Coldplug all Devices...[   18.623223] Loading iSCSI transport class v2.0-870.

[[0;32m  OK  [0m] Listening on Syslog Socket.
[[0;32m  OK  [0m[   18.654437] EXT4-fs (sda1): re-mounted. Opts: (null)
] Listening on Journal Audit Socket.
         Starting Journal Service...
[[0;32m  OK  [0m] Reached target User and Group Name Lookups.
         Starting Create list of required stâ€¦ce nodes for the current kernel...
         Mounting Kernel Debug File System...
[[0;32m  OK  [0m] Started Uncomplicated firewall.
[[   18.765171] iscsi: registered transport (tcp)
[0;32m  OK  [0m] Mounted POSIX Message Queue File System.
[[0;32m  OK  [0m] Mounted Huge Pages File System.
[[0;32m  OK  [0m] Started Remount Root and Kernel File Systems.
[[0;32m  OK  [0m] Started Create list of required staâ€¦vice nodes for the current kernel.
[[0;32m  OK  [0m] Mounted Kernel Debug File System.
[[0;32m  OK  [0m] Started LVM2 metadata daemon.
         Starting Create Static Device Nodes in /dev...
         Starting Load/Save Random Seed...
[[0;32m  OK  [0m] Started Create Static Device Nodes in /dev.
[[0;32m  OK  [0m] Started Load/Save Random Seed.
         Starting udev Kernel Device Manager...
[[0;32m  OK  [0m] Started Monitoring of LVM2 mirrors,â€¦sing dmeventd or progress polling.
[   19.136992] iscsi: registered transport (iser)
[[0;32m  OK  [0m] Started Load Kernel Modules.
         Starting Apply Kernel Variables...
         Mounting Kernel Configuration File System...
         Mounting FUSE Control File System...
[[0;32m  OK  [0m] Started udev Kernel Device Manager.
[[0;32m  OK  [0m] Mounted Kernel Configuration File System.
[[0;32m  OK  [0m] Mounted FUSE Control File System.
[[0;32m  OK  [0m] Started Journal Service.
[[0;32m  OK  [0m] Started Apply Kernel Variables.
         Starting Flush Journal to Persistent Storage...
[[0;32m  OK  [0m] Started udev Coldplug all Devices.
[[0;32m  OK  [0m] Started Flush Journal to Persistent Storage.
[[0;32m  OK  [0m] Started Set the console keyboard layout.
[[0;32m  OK  [0m] Started Dispatch Password Requests to Console Directory Watch.
[[0;32m  OK  [0m] Reached target Local Encrypted Volumes.
[[0;32m  OK  [0m] Reached target Local File Systems (Pre).
[[0;32m  OK  [0m] Reached target Local File Systems.
         Starting AppArmor initialization...
         Starting Tell Plymouth To Write Out Runtime Data...
         Starting Set console font and keymap...
         Starting Create Volatile Files and Directories...
         Starting ebtables ruleset management...
[[0;32m  OK  [0m] Started Tell Plymouth To Write Out Runtime Data.
[[0;32m  OK  [0m] Started Set console font and keymap.
[[0;32m  OK  [0m] Started Create Volatile Files and Directories.
         Starting Update UTMP about System Boot/Shutdown...
[[0;32m  OK  [0m] Started Update UTMP about System Boot/Shutdown.
[[0;32m  OK  [0m] Started ebtables ruleset management.
[[0;32m  OK  [0m] Started AppArmor initialization.
         Starting Load AppArmor profiles managed internally by snapd...
         Starting Initial cloud-init job (pre-networking)...
[[0;32m  OK  [0m] Found device /dev/ttyS0.
         Mounting Arbitrary Executable File Formats File System...
[[0;32m  OK  [0m] Mounted Arbitrary Executable File Formats File System.
[[0;32m  OK  [0m] Listening on Load/Save RF Kill Switch Status /dev/rfkill Watch.
[[0;32m  OK  [0m] Started Load AppArmor profiles managed internally by snapd.
[   24.252163] cloud-init[555]: Cloud-init v. 23.1.2-0ubuntu0~18.04.1 running 'init-local' at Tue, 20 Feb 2024 14:46:25 +0000. Up 23.60 seconds.
[[0;32m  OK  [0m] Started Initial cloud-init job (pre-networking).
[[0;32m  OK  [0m] Reached target Network (Pre).
         Starting Network Service...
[[0;32m  OK  [0m] Started Network Service.
         Starting Network Name Resolution...
         Starting Wait for Network to be Configured...
[[0;32m  OK  [0m] Started Network Name Resolution.
[[0;32m  OK  [0m] Reached target Host and Network Name Lookups.
[[0;32m  OK  [0m] Reached target Network.
[[0;32m  OK  [0m] Started Wait for Network to be Configured.
         Starting Initial cloud-init job (metadata service crawler)...
[   28.804611] cloud-init[718]: Cloud-init v. 23.1.2-0ubuntu0~18.04.1 running 'init' at Tue, 20 Feb 2024 14:46:29 +0000. Up 28.16 seconds.
[   28.841872] cloud-init[718]: ci-info: ++++++++++++++++++++++++++++++++++++++Net device info+++++++++++++++++++++++++++++++++++++++
[   28.858108] cloud-init[718]: ci-info: +--------+------+-----------------------------+---------------+--------+-------------------+
[   28.875634] cloud-init[718]: ci-info: | Device |  Up  |           Address           |      Mask     | Scope  |     Hw-Address    |
[   28.898901] cloud-init[718]: ci-info: +--------+------+-----------------------------+---------------+--------+-------------------+
[   28.918529] cloud-init[718]: ci-info: | enp0s3 | True |          10.0.2.15          | 255.255.255.0 | global | 02:3b:7b:b7:3b:2d |
[   28.937512] cloud-init[718]: ci-info: | enp0s3 | True |  fe80::3b:7bff:feb7:3b2d/64 |       .       |  link  | 02:3b:7b:b7:3b:2d |
[   28.955220] cloud-init[718]: ci-info: | enp0s8 | True |         10.20.8.107         | 255.255.255.0 | global | 08:00:27:9e:b9:c3 |
[   28.974750] cloud-init[718]: ci-info: | enp0s8 | True | fe80::a00:27ff:fe9e:b9c3/64 |       .       |  link  | 08:00:27:9e:b9:c3 |
[   28.991662] cloud-init[718]: ci-info: |   lo   | True |          127.0.0.1          |   255.0.0.0   |  host  |         .         |
[   29.008693] cloud-init[718]: ci-info: |   lo   | True |           ::1/128           |       .       |  host  |         .         |
[   29.026940] cloud-init[718]: ci-info: +--------+------+-----------------------------+---------------+--------+-------------------+
[   29.051943] cloud-init[718]: ci-info: ++++++++++++++++++++++++++++Route IPv4 info+++++++++++++++++++++++++++++
[   29.065257] cloud-init[718]: ci-info: +-------+-------------+----------+-----------------+-----------+-------+
[   29.078150] cloud-init[718]: ci-info: | Route | Destination | Gateway  |     Genmask     | Interface | Flags |
[   29.093212] cloud-init[718]: ci-info: +-------+-------------+----------+-----------------+-----------+-------+
[   29.107496] cloud-init[718]: ci-info: |   0   |   0.0.0.0   | 10.0.2.2 |     0.0.0.0     |   enp0s3  |   UG  |
[   29.120852] cloud-init[718]: ci-info: |   1   |   10.0.2.0  | 0.0.0.0  |  255.255.255.0  |   enp0s3  |   U   |
[   29.135084] cloud-init[718]: ci-info: |   2   |   10.0.2.2  | 0.0.0.0  | 255.255.255.255 |   enp0s3  |   UH  |
[   29.147420] cloud-init[718]: ci-info: |   3   |  10.20.8.0  | 0.0.0.0  |  255.255.255.0  |   enp0s8  |   U   |
[   29.161523] cloud-init[718]: ci-info: +-------+-------------+----------+-----------------+-----------+-------+
[   29.175134] cloud-init[718]: ci-info: +++++++++++++++++++Route IPv6 info+++++++++++++++++++
[   29.185761] cloud-init[718]: ci-info: +-------+-------------+---------+-----------+-------+
[   29.196000] cloud-init[718]: ci-info: | Route | Destination | Gateway | Interface | Flags |
[   29.206393] cloud-init[718]: ci-info: +-------+-------------+---------+-----------+-------+
[   29.218896] cloud-init[718]: ci-info: |   1   |  fe80::/64  |    ::   |   enp0s8  |   U   |
[   29.250574] cloud-init[718]: ci-info: |   2   |  fe80::/64  |    ::   |   enp0s3  |   U   |
[   29.267064] cloud-init[718]: ci-info: |   4   |    local    |    ::   |   enp0s3  |   U   |
[   29.282316] cloud-init[718]: ci-info: |   5   |    local    |    ::   |   enp0s8  |   U   |
[   29.305309] cloud-init[718]: ci-info: |   6   |   ff00::/8  |    ::   |   enp0s8  |   U   |
[   29.335639] cloud-init[718]: ci-info: |   7   |   ff00::/8  |    ::   |   enp0s3  |   U   |
[   29.349093] cloud-init[718]: ci-info: +-------+-------------+---------+-----------+-------+
[[0;32m  OK  [0m] Started Initial cloud-init job (metadata service crawler).
[[0;32m  OK  [0m] Reached target Network is Online.
         Starting Availability of block devices...
[[0;32m  OK  [0m] Reached target Remote File Systems (Pre).
[[0;32m  OK  [0m] Reached target Remote File Systems.
[[0;32m  OK  [0m] Reached target System Initialization.
         Starting Socket activation for snappy daemon.
[[0;32m  OK  [0m] Listening on D-Bus System Message Bus Socket.
[[0;32m  OK  [0m] Listening on Open-iSCSI iscsid Socket.
[[0;32m  OK  [0m] Listening on UUID daemon activation socket.
[[0;32m  OK  [0m] Listening on cloud-init hotplug hook socket.
[[0;32m  OK  [0m] Started ACPI Events Check.
[[0;32m  OK  [0m] Started Daily apt download activities.
[[0;32m  OK  [0m] Started Discard unused blocks once a week.
[[0;32m  OK  [0m] Started Daily apt upgrade and clean activities.
         Starting LXD - unix socket.
[[0;32m  OK  [0m] Started Daily Cleanup of Temporary Directories.
[[0;32m  OK  [0m] Started Ubuntu Advantage Timer for running repeated jobs.
[[0;32m  OK  [0m] Listening on ACPID Listen Socket.
[[0;32m  OK  [0m] Started Message of the Day.
[[0;32m  OK  [0m] Reached target Timers.
[[0;32m  OK  [0m] Reached target Paths.
[[0;32m  OK  [0m] Reached target Cloud-config availability.
[[0;32m  OK  [0m] Started Availability of block devices.
[[0;32m  OK  [0m] Listening on Socket activation for snappy daemon.
[[0;32m  OK  [0m] Listening on LXD - unix socket.
[[0;32m  OK  [0m] Reached target Sockets.
[[0;32m  OK  [0m] Reached target Basic System.
         Starting Dispatcher daemon for systemd-networkd...
[[0;32m  OK  [0m] Started FUSE filesystem for LXC.
         Starting Virtualbox guest utils...
         Starting LSB: automatic crash report generation...
         Starting Permit User Sessions...
[[0;32m  OK  [0m] Started D-Bus System Message Bus.
         Starting Accounts Service...
[[0;32m  OK  [0m] Started Deferred execution scheduler.
         Starting Login Service...
         Starting OpenBSD Secure Shell server...
         Starting System Logging Service...
         Starting LSB: Record successful boot for GRUB...
         Starting LXD - container startup/shutdown...
[[0;32m  OK  [0m] Started Regular background program processing daemon.
[[0;32m  OK  [0m] Reached target Login Prompts (Pre).
[[0;32m  OK  [0m] Started irqbalance daemon.
         Starting Snap Daemon...
[[0;32m  OK  [0m] Started System Logging Service.
[[0;32m  OK  [0m] Started Permit User Sessions.
[[0;32m  OK  [0m] Started Login Service.
         Starting Authorization Manager...
[[0;32m  OK  [0m] Started Unattended Upgrades Shutdown.
         Starting Terminate Plymouth Boot Screen...
         Starting Hold until boot process finishes up...
[[0;32m  OK  [0m] Started OpenBSD Secure Shell server.
[[0;32m  OK  [0m] Started Terminate Plymouth Boot Screen.
[[0;32m  OK  [0m] Started LSB: automatic crash report generation.
[[0;32m  OK  [0m] Started Hold until boot process finishes up.
         Starting Set console scheme...
[[0;32m  OK  [0m] Started Serial Getty on ttyS0.
[[0;32m  OK  [0m] Started Authorization Manager.
[[0;32m  OK  [0m] Started Accounts Service.
[[0;32m  OK  [0m] Started Set console scheme.
[[0;32m  OK  [0m] Created slice system-getty.slice.
[[0;32m  OK  [0m] Started Getty on tty1.
[[0;32m  OK  [0m] Reached target Login Prompts.
[[0;32m  OK  [0m] Started LSB: Record successful boot for GRUB.
[[0;32m  OK  [0m] Started Virtualbox guest utils.
[[0;32m  OK  [0m] Started LXD - container startup/shutdown.
[[0;32m  OK  [0m] Started Dispatcher daemon for systemd-networkd.
[[0;32m  OK  [0m] Started Snap Daemon.
         Starting Wait until snapd is fully seeded...
         Starting Time & Date Service...
[[0;32m  OK  [0m] Started Time & Date Service.
[[0;32m  OK  [0m] Started Wait until snapd is fully seeded.
         Starting Apply the settings specified in cloud-config...
[   34.941259] cloud-init[1105]: Cloud-init v. 23.1.2-0ubuntu0~18.04.1 running 'modules:config' at Tue, 20 Feb 2024 14:46:36 +0000. Up 34.46 seconds.
[[0;32m  OK  [0m] Started Apply the settings specified in cloud-config.
[[0;32m  OK  [0m] Reached target Multi-User System.
[[0;32m  OK  [0m] Reached target Graphical Interface.
         Starting Update UTMP about System Runlevel Changes...
         Starting Execute cloud user/final scripts...
[[0;32m  OK  [0m] Started Update UTMP about System Runlevel Changes.
[   37.183831] cloud-init[1145]: Cloud-init v. 23.1.2-0ubuntu0~18.04.1 running 'modules:final' at Tue, 20 Feb 2024 14:46:38 +0000. Up 36.68 seconds.
[   37.186973] cloud-init[1145]: Cloud-init v. 23.1.2-0ubuntu0~18.04.1 finished at Tue, 20 Feb 2024 14:46:38 +0000. Datasource DataSourceNoCloud [seed=/dev/sdb][dsmode=net].  Up 37.15 seconds

Ubuntu 18.04.6 LTS srv2 ttyS0

srv2 login: 